// Jest Snapshot v1, https://goo.gl/fbAQLP

exports[`HorizontalTimeline should render correctly with just data, date props 1`] = `
<ScrollView
  contentContainerStyle={
    Object {
      "height": 160,
    }
  }
  horizontal={true}
>
  <View
    key="col1"
    style={
      Array [
        "dayElevated",
        Object {
          "width": 120,
        },
      ]
    }
  >
    <View
      style={
        Array [
          "dayUpper",
          Object {
            "backgroundColor": "#fefefe",
          },
        ]
      }
    >
      <View
        style="textContainer"
      >
        <Text
          style={
            Array [
              "title",
              Object {
                "color": "#ac78fb",
              },
            ]
          }
        >
          1
        </Text>
        <Text
          style={
            Array [
              "subTitle",
              Object {
                "color": "#ac78fb",
              },
            ]
          }
        >
          Fri
        </Text>
      </View>
    </View>
    <View
      style="lineContainer"
    />
    <Image
      source={
        Object {
          "process": [Function],
        }
      }
      style={
        Array [
          "dotImage",
          Object {
            "left": 52,
            "top": 66,
          },
        ]
      }
    />
    <View
      style={
        Array [
          "dayBottom",
          Object {
            "backgroundColor": "#fefefe",
          },
        ]
      }
    >
      <Text
        style={
          Array [
            "dayInfo",
            Object {
              "color": "#ac78fb",
            },
          ]
        }
      >
        Some info
      </Text>
    </View>
  </View>
  <View
    key="col2"
    style={
      Array [
        "dayElevated",
        Object {
          "width": 120,
        },
      ]
    }
  >
    <View
      style={
        Array [
          "dayUpper",
          Object {
            "backgroundColor": "#fefefe",
          },
        ]
      }
    >
      <View
        style="textContainer"
      >
        <Text
          style={
            Array [
              "title",
              Object {
                "color": "#ac78fb",
              },
            ]
          }
        >
          2
        </Text>
        <Text
          style={
            Array [
              "subTitle",
              Object {
                "color": "#ac78fb",
              },
            ]
          }
        >
          Sat
        </Text>
      </View>
    </View>
    <View
      style="lineContainer"
    />
    <Image
      source={
        Object {
          "process": [Function],
        }
      }
      style={
        Array [
          "dotImage",
          Object {
            "left": 52,
            "top": 66,
          },
        ]
      }
    />
    <View
      style={
        Array [
          "dayBottom",
          Object {
            "backgroundColor": "#fefefe",
          },
        ]
      }
    >
      <Text
        style={
          Array [
            "dayInfo",
            Object {
              "color": "#ac78fb",
            },
          ]
        }
      >
        Some info
      </Text>
    </View>
  </View>
  <View
    key="col3"
    style={
      Array [
        "day",
        Object {
          "width": 120,
        },
      ]
    }
  >
    <View
      style={
        Array [
          "dayUpper",
          Object {
            "backgroundColor": "#fefefe",
          },
        ]
      }
    >
      <View
        style="textContainer"
      >
        <Text
          style={
            Array [
              "title",
              Object {
                "color": "#ac78fb",
              },
            ]
          }
        >
          3
        </Text>
        <Text
          style={
            Array [
              "subTitle",
              Object {
                "color": "#ac78fb",
              },
            ]
          }
        >
          Sun
        </Text>
      </View>
    </View>
    <View
      style="lineContainer"
    />
    <View
      style={
        Array [
          "dayBottom",
          Object {
            "backgroundColor": "#fefefe",
          },
        ]
      }
    >
      <Text
        style={
          Array [
            "dayInfo",
            Object {
              "color": "#ac78fb",
            },
          ]
        }
      />
    </View>
  </View>
  <View
    key="col4"
    style={
      Array [
        "day",
        Object {
          "width": 120,
        },
      ]
    }
  >
    <View
      style={
        Array [
          "dayUpper",
          Object {
            "backgroundColor": "#fefefe",
          },
        ]
      }
    >
      <View
        style="textContainer"
      >
        <Text
          style={
            Array [
              "title",
              Object {
                "color": "#ac78fb",
              },
            ]
          }
        >
          4
        </Text>
        <Text
          style={
            Array [
              "subTitle",
              Object {
                "color": "#ac78fb",
              },
            ]
          }
        >
          Mon
        </Text>
      </View>
    </View>
    <View
      style="lineContainer"
    />
    <View
      style={
        Array [
          "dayBottom",
          Object {
            "backgroundColor": "#fefefe",
          },
        ]
      }
    >
      <Text
        style={
          Array [
            "dayInfo",
            Object {
              "color": "#ac78fb",
            },
          ]
        }
      />
    </View>
  </View>
  <View
    key="col5"
    style={
      Array [
        "day",
        Object {
          "width": 120,
        },
      ]
    }
  >
    <View
      style={
        Array [
          "dayUpper",
          Object {
            "backgroundColor": "#fefefe",
          },
        ]
      }
    >
      <View
        style="textContainer"
      >
        <Text
          style={
            Array [
              "title",
              Object {
                "color": "#ac78fb",
              },
            ]
          }
        >
          5
        </Text>
        <Text
          style={
            Array [
              "subTitle",
              Object {
                "color": "#ac78fb",
              },
            ]
          }
        >
          Tue
        </Text>
      </View>
    </View>
    <View
      style="lineContainer"
    />
    <View
      style={
        Array [
          "dayBottom",
          Object {
            "backgroundColor": "#fefefe",
          },
        ]
      }
    >
      <Text
        style={
          Array [
            "dayInfo",
            Object {
              "color": "#ac78fb",
            },
          ]
        }
      />
    </View>
  </View>
  <View
    key="col6"
    style={
      Array [
        "day",
        Object {
          "width": 120,
        },
      ]
    }
  >
    <View
      style={
        Array [
          "dayUpper",
          Object {
            "backgroundColor": "#fefefe",
          },
        ]
      }
    >
      <View
        style="textContainer"
      >
        <Text
          style={
            Array [
              "title",
              Object {
                "color": "#ac78fb",
              },
            ]
          }
        >
          6
        </Text>
        <Text
          style={
            Array [
              "subTitle",
              Object {
                "color": "#ac78fb",
              },
            ]
          }
        >
          Wed
        </Text>
      </View>
    </View>
    <View
      style="lineContainer"
    />
    <View
      style={
        Array [
          "dayBottom",
          Object {
            "backgroundColor": "#fefefe",
          },
        ]
      }
    >
      <Text
        style={
          Array [
            "dayInfo",
            Object {
              "color": "#ac78fb",
            },
          ]
        }
      />
    </View>
  </View>
  <View
    key="col7"
    style={
      Array [
        "day",
        Object {
          "width": 120,
        },
      ]
    }
  >
    <View
      style={
        Array [
          "dayUpper",
          Object {
            "backgroundColor": "#fefefe",
          },
        ]
      }
    >
      <View
        style="textContainer"
      >
        <Text
          style={
            Array [
              "title",
              Object {
                "color": "#ac78fb",
              },
            ]
          }
        >
          7
        </Text>
        <Text
          style={
            Array [
              "subTitle",
              Object {
                "color": "#ac78fb",
              },
            ]
          }
        >
          Thu
        </Text>
      </View>
    </View>
    <View
      style="lineContainer"
    />
    <View
      style={
        Array [
          "dayBottom",
          Object {
            "backgroundColor": "#fefefe",
          },
        ]
      }
    >
      <Text
        style={
          Array [
            "dayInfo",
            Object {
              "color": "#ac78fb",
            },
          ]
        }
      />
    </View>
  </View>
  <View
    key="col8"
    style={
      Array [
        "day",
        Object {
          "width": 120,
        },
      ]
    }
  >
    <View
      style={
        Array [
          "dayUpper",
          Object {
            "backgroundColor": "#fefefe",
          },
        ]
      }
    >
      <View
        style="textContainer"
      >
        <Text
          style={
            Array [
              "title",
              Object {
                "color": "#ac78fb",
              },
            ]
          }
        >
          8
        </Text>
        <Text
          style={
            Array [
              "subTitle",
              Object {
                "color": "#ac78fb",
              },
            ]
          }
        >
          Fri
        </Text>
      </View>
    </View>
    <View
      style="lineContainer"
    />
    <View
      style={
        Array [
          "dayBottom",
          Object {
            "backgroundColor": "#fefefe",
          },
        ]
      }
    >
      <Text
        style={
          Array [
            "dayInfo",
            Object {
              "color": "#ac78fb",
            },
          ]
        }
      />
    </View>
  </View>
  <View
    key="col9"
    style={
      Array [
        "day",
        Object {
          "width": 120,
        },
      ]
    }
  >
    <View
      style={
        Array [
          "dayUpper",
          Object {
            "backgroundColor": "#fefefe",
          },
        ]
      }
    >
      <View
        style="textContainer"
      >
        <Text
          style={
            Array [
              "title",
              Object {
                "color": "#ac78fb",
              },
            ]
          }
        >
          9
        </Text>
        <Text
          style={
            Array [
              "subTitle",
              Object {
                "color": "#ac78fb",
              },
            ]
          }
        >
          Sat
        </Text>
      </View>
    </View>
    <View
      style="lineContainer"
    />
    <View
      style={
        Array [
          "dayBottom",
          Object {
            "backgroundColor": "#fefefe",
          },
        ]
      }
    >
      <Text
        style={
          Array [
            "dayInfo",
            Object {
              "color": "#ac78fb",
            },
          ]
        }
      />
    </View>
  </View>
  <View
    key="col10"
    style={
      Array [
        "day",
        Object {
          "width": 120,
        },
      ]
    }
  >
    <View
      style={
        Array [
          "dayUpper",
          Object {
            "backgroundColor": "#fefefe",
          },
        ]
      }
    >
      <View
        style="textContainer"
      >
        <Text
          style={
            Array [
              "title",
              Object {
                "color": "#ac78fb",
              },
            ]
          }
        >
          10
        </Text>
        <Text
          style={
            Array [
              "subTitle",
              Object {
                "color": "#ac78fb",
              },
            ]
          }
        >
          Sun
        </Text>
      </View>
    </View>
    <View
      style="lineContainer"
    />
    <View
      style={
        Array [
          "dayBottom",
          Object {
            "backgroundColor": "#fefefe",
          },
        ]
      }
    >
      <Text
        style={
          Array [
            "dayInfo",
            Object {
              "color": "#ac78fb",
            },
          ]
        }
      />
    </View>
  </View>
  <View
    key="col11"
    style={
      Array [
        "day",
        Object {
          "width": 120,
        },
      ]
    }
  >
    <View
      style={
        Array [
          "dayUpper",
          Object {
            "backgroundColor": "#fefefe",
          },
        ]
      }
    >
      <View
        style="textContainer"
      >
        <Text
          style={
            Array [
              "title",
              Object {
                "color": "#ac78fb",
              },
            ]
          }
        >
          11
        </Text>
        <Text
          style={
            Array [
              "subTitle",
              Object {
                "color": "#ac78fb",
              },
            ]
          }
        >
          Mon
        </Text>
      </View>
    </View>
    <View
      style="lineContainer"
    />
    <View
      style={
        Array [
          "dayBottom",
          Object {
            "backgroundColor": "#fefefe",
          },
        ]
      }
    >
      <Text
        style={
          Array [
            "dayInfo",
            Object {
              "color": "#ac78fb",
            },
          ]
        }
      />
    </View>
  </View>
  <View
    key="col12"
    style={
      Array [
        "day",
        Object {
          "width": 120,
        },
      ]
    }
  >
    <View
      style={
        Array [
          "dayUpper",
          Object {
            "backgroundColor": "#fefefe",
          },
        ]
      }
    >
      <View
        style="textContainer"
      >
        <Text
          style={
            Array [
              "title",
              Object {
                "color": "#ac78fb",
              },
            ]
          }
        >
          12
        </Text>
        <Text
          style={
            Array [
              "subTitle",
              Object {
                "color": "#ac78fb",
              },
            ]
          }
        >
          Tue
        </Text>
      </View>
    </View>
    <View
      style="lineContainer"
    />
    <View
      style={
        Array [
          "dayBottom",
          Object {
            "backgroundColor": "#fefefe",
          },
        ]
      }
    >
      <Text
        style={
          Array [
            "dayInfo",
            Object {
              "color": "#ac78fb",
            },
          ]
        }
      />
    </View>
  </View>
  <View
    key="col13"
    style={
      Array [
        "day",
        Object {
          "width": 120,
        },
      ]
    }
  >
    <View
      style={
        Array [
          "dayUpper",
          Object {
            "backgroundColor": "#fefefe",
          },
        ]
      }
    >
      <View
        style="textContainer"
      >
        <Text
          style={
            Array [
              "title",
              Object {
                "color": "#ac78fb",
              },
            ]
          }
        >
          13
        </Text>
        <Text
          style={
            Array [
              "subTitle",
              Object {
                "color": "#ac78fb",
              },
            ]
          }
        >
          Wed
        </Text>
      </View>
    </View>
    <View
      style="lineContainer"
    />
    <View
      style={
        Array [
          "dayBottom",
          Object {
            "backgroundColor": "#fefefe",
          },
        ]
      }
    >
      <Text
        style={
          Array [
            "dayInfo",
            Object {
              "color": "#ac78fb",
            },
          ]
        }
      />
    </View>
  </View>
  <View
    key="col14"
    style={
      Array [
        "day",
        Object {
          "width": 120,
        },
      ]
    }
  >
    <View
      style={
        Array [
          "dayUpper",
          Object {
            "backgroundColor": "#fefefe",
          },
        ]
      }
    >
      <View
        style="textContainer"
      >
        <Text
          style={
            Array [
              "title",
              Object {
                "color": "#ac78fb",
              },
            ]
          }
        >
          14
        </Text>
        <Text
          style={
            Array [
              "subTitle",
              Object {
                "color": "#ac78fb",
              },
            ]
          }
        >
          Thu
        </Text>
      </View>
    </View>
    <View
      style="lineContainer"
    />
    <View
      style={
        Array [
          "dayBottom",
          Object {
            "backgroundColor": "#fefefe",
          },
        ]
      }
    >
      <Text
        style={
          Array [
            "dayInfo",
            Object {
              "color": "#ac78fb",
            },
          ]
        }
      />
    </View>
  </View>
  <View
    key="col15"
    style={
      Array [
        "day",
        Object {
          "width": 120,
        },
      ]
    }
  >
    <View
      style={
        Array [
          "dayUpper",
          Object {
            "backgroundColor": "#fefefe",
          },
        ]
      }
    >
      <View
        style="textContainer"
      >
        <Text
          style={
            Array [
              "title",
              Object {
                "color": "#ac78fb",
              },
            ]
          }
        >
          15
        </Text>
        <Text
          style={
            Array [
              "subTitle",
              Object {
                "color": "#ac78fb",
              },
            ]
          }
        >
          Fri
        </Text>
      </View>
    </View>
    <View
      style="lineContainer"
    />
    <View
      style={
        Array [
          "dayBottom",
          Object {
            "backgroundColor": "#fefefe",
          },
        ]
      }
    >
      <Text
        style={
          Array [
            "dayInfo",
            Object {
              "color": "#ac78fb",
            },
          ]
        }
      />
    </View>
  </View>
  <View
    key="col16"
    style={
      Array [
        "day",
        Object {
          "width": 120,
        },
      ]
    }
  >
    <View
      style={
        Array [
          "dayUpper",
          Object {
            "backgroundColor": "#fefefe",
          },
        ]
      }
    >
      <View
        style="textContainer"
      >
        <Text
          style={
            Array [
              "title",
              Object {
                "color": "#ac78fb",
              },
            ]
          }
        >
          16
        </Text>
        <Text
          style={
            Array [
              "subTitle",
              Object {
                "color": "#ac78fb",
              },
            ]
          }
        >
          Sat
        </Text>
      </View>
    </View>
    <View
      style="lineContainer"
    />
    <View
      style={
        Array [
          "dayBottom",
          Object {
            "backgroundColor": "#fefefe",
          },
        ]
      }
    >
      <Text
        style={
          Array [
            "dayInfo",
            Object {
              "color": "#ac78fb",
            },
          ]
        }
      />
    </View>
  </View>
  <View
    key="col17"
    style={
      Array [
        "day",
        Object {
          "width": 120,
        },
      ]
    }
  >
    <View
      style={
        Array [
          "dayUpper",
          Object {
            "backgroundColor": "#fefefe",
          },
        ]
      }
    >
      <View
        style="textContainer"
      >
        <Text
          style={
            Array [
              "title",
              Object {
                "color": "#ac78fb",
              },
            ]
          }
        >
          17
        </Text>
        <Text
          style={
            Array [
              "subTitle",
              Object {
                "color": "#ac78fb",
              },
            ]
          }
        >
          Sun
        </Text>
      </View>
    </View>
    <View
      style="lineContainer"
    />
    <View
      style={
        Array [
          "dayBottom",
          Object {
            "backgroundColor": "#fefefe",
          },
        ]
      }
    >
      <Text
        style={
          Array [
            "dayInfo",
            Object {
              "color": "#ac78fb",
            },
          ]
        }
      />
    </View>
  </View>
  <View
    key="col18"
    style={
      Array [
        "day",
        Object {
          "width": 120,
        },
      ]
    }
  >
    <View
      style={
        Array [
          "dayUpper",
          Object {
            "backgroundColor": "#fefefe",
          },
        ]
      }
    >
      <View
        style="textContainer"
      >
        <Text
          style={
            Array [
              "title",
              Object {
                "color": "#ac78fb",
              },
            ]
          }
        >
          18
        </Text>
        <Text
          style={
            Array [
              "subTitle",
              Object {
                "color": "#ac78fb",
              },
            ]
          }
        >
          Mon
        </Text>
      </View>
    </View>
    <View
      style="lineContainer"
    />
    <View
      style={
        Array [
          "dayBottom",
          Object {
            "backgroundColor": "#fefefe",
          },
        ]
      }
    >
      <Text
        style={
          Array [
            "dayInfo",
            Object {
              "color": "#ac78fb",
            },
          ]
        }
      />
    </View>
  </View>
  <View
    key="col19"
    style={
      Array [
        "day",
        Object {
          "width": 120,
        },
      ]
    }
  >
    <View
      style={
        Array [
          "dayUpper",
          Object {
            "backgroundColor": "#fefefe",
          },
        ]
      }
    >
      <View
        style="textContainer"
      >
        <Text
          style={
            Array [
              "title",
              Object {
                "color": "#ac78fb",
              },
            ]
          }
        >
          19
        </Text>
        <Text
          style={
            Array [
              "subTitle",
              Object {
                "color": "#ac78fb",
              },
            ]
          }
        >
          Tue
        </Text>
      </View>
    </View>
    <View
      style="lineContainer"
    />
    <View
      style={
        Array [
          "dayBottom",
          Object {
            "backgroundColor": "#fefefe",
          },
        ]
      }
    >
      <Text
        style={
          Array [
            "dayInfo",
            Object {
              "color": "#ac78fb",
            },
          ]
        }
      />
    </View>
  </View>
  <View
    key="col20"
    style={
      Array [
        "day",
        Object {
          "width": 120,
        },
      ]
    }
  >
    <View
      style={
        Array [
          "dayUpper",
          Object {
            "backgroundColor": "#fefefe",
          },
        ]
      }
    >
      <View
        style="textContainer"
      >
        <Text
          style={
            Array [
              "title",
              Object {
                "color": "#ac78fb",
              },
            ]
          }
        >
          20
        </Text>
        <Text
          style={
            Array [
              "subTitle",
              Object {
                "color": "#ac78fb",
              },
            ]
          }
        >
          Wed
        </Text>
      </View>
    </View>
    <View
      style="lineContainer"
    />
    <View
      style={
        Array [
          "dayBottom",
          Object {
            "backgroundColor": "#fefefe",
          },
        ]
      }
    >
      <Text
        style={
          Array [
            "dayInfo",
            Object {
              "color": "#ac78fb",
            },
          ]
        }
      />
    </View>
  </View>
  <View
    key="col21"
    style={
      Array [
        "day",
        Object {
          "width": 120,
        },
      ]
    }
  >
    <View
      style={
        Array [
          "dayUpper",
          Object {
            "backgroundColor": "#fefefe",
          },
        ]
      }
    >
      <View
        style="textContainer"
      >
        <Text
          style={
            Array [
              "title",
              Object {
                "color": "#ac78fb",
              },
            ]
          }
        >
          21
        </Text>
        <Text
          style={
            Array [
              "subTitle",
              Object {
                "color": "#ac78fb",
              },
            ]
          }
        >
          Thu
        </Text>
      </View>
    </View>
    <View
      style="lineContainer"
    />
    <View
      style={
        Array [
          "dayBottom",
          Object {
            "backgroundColor": "#fefefe",
          },
        ]
      }
    >
      <Text
        style={
          Array [
            "dayInfo",
            Object {
              "color": "#ac78fb",
            },
          ]
        }
      />
    </View>
  </View>
  <View
    key="col22"
    style={
      Array [
        "day",
        Object {
          "width": 120,
        },
      ]
    }
  >
    <View
      style={
        Array [
          "dayUpper",
          Object {
            "backgroundColor": "#fefefe",
          },
        ]
      }
    >
      <View
        style="textContainer"
      >
        <Text
          style={
            Array [
              "title",
              Object {
                "color": "#ac78fb",
              },
            ]
          }
        >
          22
        </Text>
        <Text
          style={
            Array [
              "subTitle",
              Object {
                "color": "#ac78fb",
              },
            ]
          }
        >
          Fri
        </Text>
      </View>
    </View>
    <View
      style="lineContainer"
    />
    <View
      style={
        Array [
          "dayBottom",
          Object {
            "backgroundColor": "#fefefe",
          },
        ]
      }
    >
      <Text
        style={
          Array [
            "dayInfo",
            Object {
              "color": "#ac78fb",
            },
          ]
        }
      />
    </View>
  </View>
  <View
    key="col23"
    style={
      Array [
        "day",
        Object {
          "width": 120,
        },
      ]
    }
  >
    <View
      style={
        Array [
          "dayUpper",
          Object {
            "backgroundColor": "#fefefe",
          },
        ]
      }
    >
      <View
        style="textContainer"
      >
        <Text
          style={
            Array [
              "title",
              Object {
                "color": "#ac78fb",
              },
            ]
          }
        >
          23
        </Text>
        <Text
          style={
            Array [
              "subTitle",
              Object {
                "color": "#ac78fb",
              },
            ]
          }
        >
          Sat
        </Text>
      </View>
    </View>
    <View
      style="lineContainer"
    />
    <View
      style={
        Array [
          "dayBottom",
          Object {
            "backgroundColor": "#fefefe",
          },
        ]
      }
    >
      <Text
        style={
          Array [
            "dayInfo",
            Object {
              "color": "#ac78fb",
            },
          ]
        }
      />
    </View>
  </View>
  <View
    key="col24"
    style={
      Array [
        "day",
        Object {
          "width": 120,
        },
      ]
    }
  >
    <View
      style={
        Array [
          "dayUpper",
          Object {
            "backgroundColor": "#fefefe",
          },
        ]
      }
    >
      <View
        style="textContainer"
      >
        <Text
          style={
            Array [
              "title",
              Object {
                "color": "#ac78fb",
              },
            ]
          }
        >
          24
        </Text>
        <Text
          style={
            Array [
              "subTitle",
              Object {
                "color": "#ac78fb",
              },
            ]
          }
        >
          Sun
        </Text>
      </View>
    </View>
    <View
      style="lineContainer"
    />
    <View
      style={
        Array [
          "dayBottom",
          Object {
            "backgroundColor": "#fefefe",
          },
        ]
      }
    >
      <Text
        style={
          Array [
            "dayInfo",
            Object {
              "color": "#ac78fb",
            },
          ]
        }
      />
    </View>
  </View>
  <View
    key="col25"
    style={
      Array [
        "day",
        Object {
          "width": 120,
        },
      ]
    }
  >
    <View
      style={
        Array [
          "dayUpper",
          Object {
            "backgroundColor": "#fefefe",
          },
        ]
      }
    >
      <View
        style="textContainer"
      >
        <Text
          style={
            Array [
              "title",
              Object {
                "color": "#ac78fb",
              },
            ]
          }
        >
          25
        </Text>
        <Text
          style={
            Array [
              "subTitle",
              Object {
                "color": "#ac78fb",
              },
            ]
          }
        >
          Mon
        </Text>
      </View>
    </View>
    <View
      style="lineContainer"
    />
    <View
      style={
        Array [
          "dayBottom",
          Object {
            "backgroundColor": "#fefefe",
          },
        ]
      }
    >
      <Text
        style={
          Array [
            "dayInfo",
            Object {
              "color": "#ac78fb",
            },
          ]
        }
      />
    </View>
  </View>
  <View
    key="col26"
    style={
      Array [
        "day",
        Object {
          "width": 120,
        },
      ]
    }
  >
    <View
      style={
        Array [
          "dayUpper",
          Object {
            "backgroundColor": "#fefefe",
          },
        ]
      }
    >
      <View
        style="textContainer"
      >
        <Text
          style={
            Array [
              "title",
              Object {
                "color": "#ac78fb",
              },
            ]
          }
        >
          26
        </Text>
        <Text
          style={
            Array [
              "subTitle",
              Object {
                "color": "#ac78fb",
              },
            ]
          }
        >
          Tue
        </Text>
      </View>
    </View>
    <View
      style="lineContainer"
    />
    <View
      style={
        Array [
          "dayBottom",
          Object {
            "backgroundColor": "#fefefe",
          },
        ]
      }
    >
      <Text
        style={
          Array [
            "dayInfo",
            Object {
              "color": "#ac78fb",
            },
          ]
        }
      />
    </View>
  </View>
  <View
    key="col27"
    style={
      Array [
        "day",
        Object {
          "width": 120,
        },
      ]
    }
  >
    <View
      style={
        Array [
          "dayUpper",
          Object {
            "backgroundColor": "#fefefe",
          },
        ]
      }
    >
      <View
        style="textContainer"
      >
        <Text
          style={
            Array [
              "title",
              Object {
                "color": "#ac78fb",
              },
            ]
          }
        >
          27
        </Text>
        <Text
          style={
            Array [
              "subTitle",
              Object {
                "color": "#ac78fb",
              },
            ]
          }
        >
          Wed
        </Text>
      </View>
    </View>
    <View
      style="lineContainer"
    />
    <View
      style={
        Array [
          "dayBottom",
          Object {
            "backgroundColor": "#fefefe",
          },
        ]
      }
    >
      <Text
        style={
          Array [
            "dayInfo",
            Object {
              "color": "#ac78fb",
            },
          ]
        }
      />
    </View>
  </View>
  <View
    key="col28"
    style={
      Array [
        "day",
        Object {
          "width": 120,
        },
      ]
    }
  >
    <View
      style={
        Array [
          "dayUpper",
          Object {
            "backgroundColor": "#fefefe",
          },
        ]
      }
    >
      <View
        style="textContainer"
      >
        <Text
          style={
            Array [
              "title",
              Object {
                "color": "#ac78fb",
              },
            ]
          }
        >
          28
        </Text>
        <Text
          style={
            Array [
              "subTitle",
              Object {
                "color": "#ac78fb",
              },
            ]
          }
        >
          Thu
        </Text>
      </View>
    </View>
    <View
      style="lineContainer"
    />
    <View
      style={
        Array [
          "dayBottom",
          Object {
            "backgroundColor": "#fefefe",
          },
        ]
      }
    >
      <Text
        style={
          Array [
            "dayInfo",
            Object {
              "color": "#ac78fb",
            },
          ]
        }
      />
    </View>
  </View>
</ScrollView>
`;

exports[`HorizontalTimeline should render correctly with just date props 1`] = `
<ScrollView
  contentContainerStyle={
    Object {
      "height": 160,
    }
  }
  horizontal={true}
>
  <View
    key="col1"
    style={
      Array [
        "day",
        Object {
          "width": 120,
        },
      ]
    }
  >
    <View
      style={
        Array [
          "dayUpper",
          Object {
            "backgroundColor": "#fefefe",
          },
        ]
      }
    >
      <View
        style="textContainer"
      >
        <Text
          style={
            Array [
              "title",
              Object {
                "color": "#ac78fb",
              },
            ]
          }
        >
          1
        </Text>
        <Text
          style={
            Array [
              "subTitle",
              Object {
                "color": "#ac78fb",
              },
            ]
          }
        >
          Fri
        </Text>
      </View>
    </View>
    <View
      style="lineContainer"
    />
    <View
      style={
        Array [
          "dayBottom",
          Object {
            "backgroundColor": "#fefefe",
          },
        ]
      }
    >
      <Text
        style={
          Array [
            "dayInfo",
            Object {
              "color": "#ac78fb",
            },
          ]
        }
      />
    </View>
  </View>
  <View
    key="col2"
    style={
      Array [
        "day",
        Object {
          "width": 120,
        },
      ]
    }
  >
    <View
      style={
        Array [
          "dayUpper",
          Object {
            "backgroundColor": "#fefefe",
          },
        ]
      }
    >
      <View
        style="textContainer"
      >
        <Text
          style={
            Array [
              "title",
              Object {
                "color": "#ac78fb",
              },
            ]
          }
        >
          2
        </Text>
        <Text
          style={
            Array [
              "subTitle",
              Object {
                "color": "#ac78fb",
              },
            ]
          }
        >
          Sat
        </Text>
      </View>
    </View>
    <View
      style="lineContainer"
    />
    <View
      style={
        Array [
          "dayBottom",
          Object {
            "backgroundColor": "#fefefe",
          },
        ]
      }
    >
      <Text
        style={
          Array [
            "dayInfo",
            Object {
              "color": "#ac78fb",
            },
          ]
        }
      />
    </View>
  </View>
  <View
    key="col3"
    style={
      Array [
        "day",
        Object {
          "width": 120,
        },
      ]
    }
  >
    <View
      style={
        Array [
          "dayUpper",
          Object {
            "backgroundColor": "#fefefe",
          },
        ]
      }
    >
      <View
        style="textContainer"
      >
        <Text
          style={
            Array [
              "title",
              Object {
                "color": "#ac78fb",
              },
            ]
          }
        >
          3
        </Text>
        <Text
          style={
            Array [
              "subTitle",
              Object {
                "color": "#ac78fb",
              },
            ]
          }
        >
          Sun
        </Text>
      </View>
    </View>
    <View
      style="lineContainer"
    />
    <View
      style={
        Array [
          "dayBottom",
          Object {
            "backgroundColor": "#fefefe",
          },
        ]
      }
    >
      <Text
        style={
          Array [
            "dayInfo",
            Object {
              "color": "#ac78fb",
            },
          ]
        }
      />
    </View>
  </View>
  <View
    key="col4"
    style={
      Array [
        "day",
        Object {
          "width": 120,
        },
      ]
    }
  >
    <View
      style={
        Array [
          "dayUpper",
          Object {
            "backgroundColor": "#fefefe",
          },
        ]
      }
    >
      <View
        style="textContainer"
      >
        <Text
          style={
            Array [
              "title",
              Object {
                "color": "#ac78fb",
              },
            ]
          }
        >
          4
        </Text>
        <Text
          style={
            Array [
              "subTitle",
              Object {
                "color": "#ac78fb",
              },
            ]
          }
        >
          Mon
        </Text>
      </View>
    </View>
    <View
      style="lineContainer"
    />
    <View
      style={
        Array [
          "dayBottom",
          Object {
            "backgroundColor": "#fefefe",
          },
        ]
      }
    >
      <Text
        style={
          Array [
            "dayInfo",
            Object {
              "color": "#ac78fb",
            },
          ]
        }
      />
    </View>
  </View>
  <View
    key="col5"
    style={
      Array [
        "day",
        Object {
          "width": 120,
        },
      ]
    }
  >
    <View
      style={
        Array [
          "dayUpper",
          Object {
            "backgroundColor": "#fefefe",
          },
        ]
      }
    >
      <View
        style="textContainer"
      >
        <Text
          style={
            Array [
              "title",
              Object {
                "color": "#ac78fb",
              },
            ]
          }
        >
          5
        </Text>
        <Text
          style={
            Array [
              "subTitle",
              Object {
                "color": "#ac78fb",
              },
            ]
          }
        >
          Tue
        </Text>
      </View>
    </View>
    <View
      style="lineContainer"
    />
    <View
      style={
        Array [
          "dayBottom",
          Object {
            "backgroundColor": "#fefefe",
          },
        ]
      }
    >
      <Text
        style={
          Array [
            "dayInfo",
            Object {
              "color": "#ac78fb",
            },
          ]
        }
      />
    </View>
  </View>
  <View
    key="col6"
    style={
      Array [
        "day",
        Object {
          "width": 120,
        },
      ]
    }
  >
    <View
      style={
        Array [
          "dayUpper",
          Object {
            "backgroundColor": "#fefefe",
          },
        ]
      }
    >
      <View
        style="textContainer"
      >
        <Text
          style={
            Array [
              "title",
              Object {
                "color": "#ac78fb",
              },
            ]
          }
        >
          6
        </Text>
        <Text
          style={
            Array [
              "subTitle",
              Object {
                "color": "#ac78fb",
              },
            ]
          }
        >
          Wed
        </Text>
      </View>
    </View>
    <View
      style="lineContainer"
    />
    <View
      style={
        Array [
          "dayBottom",
          Object {
            "backgroundColor": "#fefefe",
          },
        ]
      }
    >
      <Text
        style={
          Array [
            "dayInfo",
            Object {
              "color": "#ac78fb",
            },
          ]
        }
      />
    </View>
  </View>
  <View
    key="col7"
    style={
      Array [
        "day",
        Object {
          "width": 120,
        },
      ]
    }
  >
    <View
      style={
        Array [
          "dayUpper",
          Object {
            "backgroundColor": "#fefefe",
          },
        ]
      }
    >
      <View
        style="textContainer"
      >
        <Text
          style={
            Array [
              "title",
              Object {
                "color": "#ac78fb",
              },
            ]
          }
        >
          7
        </Text>
        <Text
          style={
            Array [
              "subTitle",
              Object {
                "color": "#ac78fb",
              },
            ]
          }
        >
          Thu
        </Text>
      </View>
    </View>
    <View
      style="lineContainer"
    />
    <View
      style={
        Array [
          "dayBottom",
          Object {
            "backgroundColor": "#fefefe",
          },
        ]
      }
    >
      <Text
        style={
          Array [
            "dayInfo",
            Object {
              "color": "#ac78fb",
            },
          ]
        }
      />
    </View>
  </View>
  <View
    key="col8"
    style={
      Array [
        "day",
        Object {
          "width": 120,
        },
      ]
    }
  >
    <View
      style={
        Array [
          "dayUpper",
          Object {
            "backgroundColor": "#fefefe",
          },
        ]
      }
    >
      <View
        style="textContainer"
      >
        <Text
          style={
            Array [
              "title",
              Object {
                "color": "#ac78fb",
              },
            ]
          }
        >
          8
        </Text>
        <Text
          style={
            Array [
              "subTitle",
              Object {
                "color": "#ac78fb",
              },
            ]
          }
        >
          Fri
        </Text>
      </View>
    </View>
    <View
      style="lineContainer"
    />
    <View
      style={
        Array [
          "dayBottom",
          Object {
            "backgroundColor": "#fefefe",
          },
        ]
      }
    >
      <Text
        style={
          Array [
            "dayInfo",
            Object {
              "color": "#ac78fb",
            },
          ]
        }
      />
    </View>
  </View>
  <View
    key="col9"
    style={
      Array [
        "day",
        Object {
          "width": 120,
        },
      ]
    }
  >
    <View
      style={
        Array [
          "dayUpper",
          Object {
            "backgroundColor": "#fefefe",
          },
        ]
      }
    >
      <View
        style="textContainer"
      >
        <Text
          style={
            Array [
              "title",
              Object {
                "color": "#ac78fb",
              },
            ]
          }
        >
          9
        </Text>
        <Text
          style={
            Array [
              "subTitle",
              Object {
                "color": "#ac78fb",
              },
            ]
          }
        >
          Sat
        </Text>
      </View>
    </View>
    <View
      style="lineContainer"
    />
    <View
      style={
        Array [
          "dayBottom",
          Object {
            "backgroundColor": "#fefefe",
          },
        ]
      }
    >
      <Text
        style={
          Array [
            "dayInfo",
            Object {
              "color": "#ac78fb",
            },
          ]
        }
      />
    </View>
  </View>
  <View
    key="col10"
    style={
      Array [
        "day",
        Object {
          "width": 120,
        },
      ]
    }
  >
    <View
      style={
        Array [
          "dayUpper",
          Object {
            "backgroundColor": "#fefefe",
          },
        ]
      }
    >
      <View
        style="textContainer"
      >
        <Text
          style={
            Array [
              "title",
              Object {
                "color": "#ac78fb",
              },
            ]
          }
        >
          10
        </Text>
        <Text
          style={
            Array [
              "subTitle",
              Object {
                "color": "#ac78fb",
              },
            ]
          }
        >
          Sun
        </Text>
      </View>
    </View>
    <View
      style="lineContainer"
    />
    <View
      style={
        Array [
          "dayBottom",
          Object {
            "backgroundColor": "#fefefe",
          },
        ]
      }
    >
      <Text
        style={
          Array [
            "dayInfo",
            Object {
              "color": "#ac78fb",
            },
          ]
        }
      />
    </View>
  </View>
  <View
    key="col11"
    style={
      Array [
        "day",
        Object {
          "width": 120,
        },
      ]
    }
  >
    <View
      style={
        Array [
          "dayUpper",
          Object {
            "backgroundColor": "#fefefe",
          },
        ]
      }
    >
      <View
        style="textContainer"
      >
        <Text
          style={
            Array [
              "title",
              Object {
                "color": "#ac78fb",
              },
            ]
          }
        >
          11
        </Text>
        <Text
          style={
            Array [
              "subTitle",
              Object {
                "color": "#ac78fb",
              },
            ]
          }
        >
          Mon
        </Text>
      </View>
    </View>
    <View
      style="lineContainer"
    />
    <View
      style={
        Array [
          "dayBottom",
          Object {
            "backgroundColor": "#fefefe",
          },
        ]
      }
    >
      <Text
        style={
          Array [
            "dayInfo",
            Object {
              "color": "#ac78fb",
            },
          ]
        }
      />
    </View>
  </View>
  <View
    key="col12"
    style={
      Array [
        "day",
        Object {
          "width": 120,
        },
      ]
    }
  >
    <View
      style={
        Array [
          "dayUpper",
          Object {
            "backgroundColor": "#fefefe",
          },
        ]
      }
    >
      <View
        style="textContainer"
      >
        <Text
          style={
            Array [
              "title",
              Object {
                "color": "#ac78fb",
              },
            ]
          }
        >
          12
        </Text>
        <Text
          style={
            Array [
              "subTitle",
              Object {
                "color": "#ac78fb",
              },
            ]
          }
        >
          Tue
        </Text>
      </View>
    </View>
    <View
      style="lineContainer"
    />
    <View
      style={
        Array [
          "dayBottom",
          Object {
            "backgroundColor": "#fefefe",
          },
        ]
      }
    >
      <Text
        style={
          Array [
            "dayInfo",
            Object {
              "color": "#ac78fb",
            },
          ]
        }
      />
    </View>
  </View>
  <View
    key="col13"
    style={
      Array [
        "day",
        Object {
          "width": 120,
        },
      ]
    }
  >
    <View
      style={
        Array [
          "dayUpper",
          Object {
            "backgroundColor": "#fefefe",
          },
        ]
      }
    >
      <View
        style="textContainer"
      >
        <Text
          style={
            Array [
              "title",
              Object {
                "color": "#ac78fb",
              },
            ]
          }
        >
          13
        </Text>
        <Text
          style={
            Array [
              "subTitle",
              Object {
                "color": "#ac78fb",
              },
            ]
          }
        >
          Wed
        </Text>
      </View>
    </View>
    <View
      style="lineContainer"
    />
    <View
      style={
        Array [
          "dayBottom",
          Object {
            "backgroundColor": "#fefefe",
          },
        ]
      }
    >
      <Text
        style={
          Array [
            "dayInfo",
            Object {
              "color": "#ac78fb",
            },
          ]
        }
      />
    </View>
  </View>
  <View
    key="col14"
    style={
      Array [
        "day",
        Object {
          "width": 120,
        },
      ]
    }
  >
    <View
      style={
        Array [
          "dayUpper",
          Object {
            "backgroundColor": "#fefefe",
          },
        ]
      }
    >
      <View
        style="textContainer"
      >
        <Text
          style={
            Array [
              "title",
              Object {
                "color": "#ac78fb",
              },
            ]
          }
        >
          14
        </Text>
        <Text
          style={
            Array [
              "subTitle",
              Object {
                "color": "#ac78fb",
              },
            ]
          }
        >
          Thu
        </Text>
      </View>
    </View>
    <View
      style="lineContainer"
    />
    <View
      style={
        Array [
          "dayBottom",
          Object {
            "backgroundColor": "#fefefe",
          },
        ]
      }
    >
      <Text
        style={
          Array [
            "dayInfo",
            Object {
              "color": "#ac78fb",
            },
          ]
        }
      />
    </View>
  </View>
  <View
    key="col15"
    style={
      Array [
        "day",
        Object {
          "width": 120,
        },
      ]
    }
  >
    <View
      style={
        Array [
          "dayUpper",
          Object {
            "backgroundColor": "#fefefe",
          },
        ]
      }
    >
      <View
        style="textContainer"
      >
        <Text
          style={
            Array [
              "title",
              Object {
                "color": "#ac78fb",
              },
            ]
          }
        >
          15
        </Text>
        <Text
          style={
            Array [
              "subTitle",
              Object {
                "color": "#ac78fb",
              },
            ]
          }
        >
          Fri
        </Text>
      </View>
    </View>
    <View
      style="lineContainer"
    />
    <View
      style={
        Array [
          "dayBottom",
          Object {
            "backgroundColor": "#fefefe",
          },
        ]
      }
    >
      <Text
        style={
          Array [
            "dayInfo",
            Object {
              "color": "#ac78fb",
            },
          ]
        }
      />
    </View>
  </View>
  <View
    key="col16"
    style={
      Array [
        "day",
        Object {
          "width": 120,
        },
      ]
    }
  >
    <View
      style={
        Array [
          "dayUpper",
          Object {
            "backgroundColor": "#fefefe",
          },
        ]
      }
    >
      <View
        style="textContainer"
      >
        <Text
          style={
            Array [
              "title",
              Object {
                "color": "#ac78fb",
              },
            ]
          }
        >
          16
        </Text>
        <Text
          style={
            Array [
              "subTitle",
              Object {
                "color": "#ac78fb",
              },
            ]
          }
        >
          Sat
        </Text>
      </View>
    </View>
    <View
      style="lineContainer"
    />
    <View
      style={
        Array [
          "dayBottom",
          Object {
            "backgroundColor": "#fefefe",
          },
        ]
      }
    >
      <Text
        style={
          Array [
            "dayInfo",
            Object {
              "color": "#ac78fb",
            },
          ]
        }
      />
    </View>
  </View>
  <View
    key="col17"
    style={
      Array [
        "day",
        Object {
          "width": 120,
        },
      ]
    }
  >
    <View
      style={
        Array [
          "dayUpper",
          Object {
            "backgroundColor": "#fefefe",
          },
        ]
      }
    >
      <View
        style="textContainer"
      >
        <Text
          style={
            Array [
              "title",
              Object {
                "color": "#ac78fb",
              },
            ]
          }
        >
          17
        </Text>
        <Text
          style={
            Array [
              "subTitle",
              Object {
                "color": "#ac78fb",
              },
            ]
          }
        >
          Sun
        </Text>
      </View>
    </View>
    <View
      style="lineContainer"
    />
    <View
      style={
        Array [
          "dayBottom",
          Object {
            "backgroundColor": "#fefefe",
          },
        ]
      }
    >
      <Text
        style={
          Array [
            "dayInfo",
            Object {
              "color": "#ac78fb",
            },
          ]
        }
      />
    </View>
  </View>
  <View
    key="col18"
    style={
      Array [
        "day",
        Object {
          "width": 120,
        },
      ]
    }
  >
    <View
      style={
        Array [
          "dayUpper",
          Object {
            "backgroundColor": "#fefefe",
          },
        ]
      }
    >
      <View
        style="textContainer"
      >
        <Text
          style={
            Array [
              "title",
              Object {
                "color": "#ac78fb",
              },
            ]
          }
        >
          18
        </Text>
        <Text
          style={
            Array [
              "subTitle",
              Object {
                "color": "#ac78fb",
              },
            ]
          }
        >
          Mon
        </Text>
      </View>
    </View>
    <View
      style="lineContainer"
    />
    <View
      style={
        Array [
          "dayBottom",
          Object {
            "backgroundColor": "#fefefe",
          },
        ]
      }
    >
      <Text
        style={
          Array [
            "dayInfo",
            Object {
              "color": "#ac78fb",
            },
          ]
        }
      />
    </View>
  </View>
  <View
    key="col19"
    style={
      Array [
        "day",
        Object {
          "width": 120,
        },
      ]
    }
  >
    <View
      style={
        Array [
          "dayUpper",
          Object {
            "backgroundColor": "#fefefe",
          },
        ]
      }
    >
      <View
        style="textContainer"
      >
        <Text
          style={
            Array [
              "title",
              Object {
                "color": "#ac78fb",
              },
            ]
          }
        >
          19
        </Text>
        <Text
          style={
            Array [
              "subTitle",
              Object {
                "color": "#ac78fb",
              },
            ]
          }
        >
          Tue
        </Text>
      </View>
    </View>
    <View
      style="lineContainer"
    />
    <View
      style={
        Array [
          "dayBottom",
          Object {
            "backgroundColor": "#fefefe",
          },
        ]
      }
    >
      <Text
        style={
          Array [
            "dayInfo",
            Object {
              "color": "#ac78fb",
            },
          ]
        }
      />
    </View>
  </View>
  <View
    key="col20"
    style={
      Array [
        "day",
        Object {
          "width": 120,
        },
      ]
    }
  >
    <View
      style={
        Array [
          "dayUpper",
          Object {
            "backgroundColor": "#fefefe",
          },
        ]
      }
    >
      <View
        style="textContainer"
      >
        <Text
          style={
            Array [
              "title",
              Object {
                "color": "#ac78fb",
              },
            ]
          }
        >
          20
        </Text>
        <Text
          style={
            Array [
              "subTitle",
              Object {
                "color": "#ac78fb",
              },
            ]
          }
        >
          Wed
        </Text>
      </View>
    </View>
    <View
      style="lineContainer"
    />
    <View
      style={
        Array [
          "dayBottom",
          Object {
            "backgroundColor": "#fefefe",
          },
        ]
      }
    >
      <Text
        style={
          Array [
            "dayInfo",
            Object {
              "color": "#ac78fb",
            },
          ]
        }
      />
    </View>
  </View>
  <View
    key="col21"
    style={
      Array [
        "day",
        Object {
          "width": 120,
        },
      ]
    }
  >
    <View
      style={
        Array [
          "dayUpper",
          Object {
            "backgroundColor": "#fefefe",
          },
        ]
      }
    >
      <View
        style="textContainer"
      >
        <Text
          style={
            Array [
              "title",
              Object {
                "color": "#ac78fb",
              },
            ]
          }
        >
          21
        </Text>
        <Text
          style={
            Array [
              "subTitle",
              Object {
                "color": "#ac78fb",
              },
            ]
          }
        >
          Thu
        </Text>
      </View>
    </View>
    <View
      style="lineContainer"
    />
    <View
      style={
        Array [
          "dayBottom",
          Object {
            "backgroundColor": "#fefefe",
          },
        ]
      }
    >
      <Text
        style={
          Array [
            "dayInfo",
            Object {
              "color": "#ac78fb",
            },
          ]
        }
      />
    </View>
  </View>
  <View
    key="col22"
    style={
      Array [
        "day",
        Object {
          "width": 120,
        },
      ]
    }
  >
    <View
      style={
        Array [
          "dayUpper",
          Object {
            "backgroundColor": "#fefefe",
          },
        ]
      }
    >
      <View
        style="textContainer"
      >
        <Text
          style={
            Array [
              "title",
              Object {
                "color": "#ac78fb",
              },
            ]
          }
        >
          22
        </Text>
        <Text
          style={
            Array [
              "subTitle",
              Object {
                "color": "#ac78fb",
              },
            ]
          }
        >
          Fri
        </Text>
      </View>
    </View>
    <View
      style="lineContainer"
    />
    <View
      style={
        Array [
          "dayBottom",
          Object {
            "backgroundColor": "#fefefe",
          },
        ]
      }
    >
      <Text
        style={
          Array [
            "dayInfo",
            Object {
              "color": "#ac78fb",
            },
          ]
        }
      />
    </View>
  </View>
  <View
    key="col23"
    style={
      Array [
        "day",
        Object {
          "width": 120,
        },
      ]
    }
  >
    <View
      style={
        Array [
          "dayUpper",
          Object {
            "backgroundColor": "#fefefe",
          },
        ]
      }
    >
      <View
        style="textContainer"
      >
        <Text
          style={
            Array [
              "title",
              Object {
                "color": "#ac78fb",
              },
            ]
          }
        >
          23
        </Text>
        <Text
          style={
            Array [
              "subTitle",
              Object {
                "color": "#ac78fb",
              },
            ]
          }
        >
          Sat
        </Text>
      </View>
    </View>
    <View
      style="lineContainer"
    />
    <View
      style={
        Array [
          "dayBottom",
          Object {
            "backgroundColor": "#fefefe",
          },
        ]
      }
    >
      <Text
        style={
          Array [
            "dayInfo",
            Object {
              "color": "#ac78fb",
            },
          ]
        }
      />
    </View>
  </View>
  <View
    key="col24"
    style={
      Array [
        "day",
        Object {
          "width": 120,
        },
      ]
    }
  >
    <View
      style={
        Array [
          "dayUpper",
          Object {
            "backgroundColor": "#fefefe",
          },
        ]
      }
    >
      <View
        style="textContainer"
      >
        <Text
          style={
            Array [
              "title",
              Object {
                "color": "#ac78fb",
              },
            ]
          }
        >
          24
        </Text>
        <Text
          style={
            Array [
              "subTitle",
              Object {
                "color": "#ac78fb",
              },
            ]
          }
        >
          Sun
        </Text>
      </View>
    </View>
    <View
      style="lineContainer"
    />
    <View
      style={
        Array [
          "dayBottom",
          Object {
            "backgroundColor": "#fefefe",
          },
        ]
      }
    >
      <Text
        style={
          Array [
            "dayInfo",
            Object {
              "color": "#ac78fb",
            },
          ]
        }
      />
    </View>
  </View>
  <View
    key="col25"
    style={
      Array [
        "day",
        Object {
          "width": 120,
        },
      ]
    }
  >
    <View
      style={
        Array [
          "dayUpper",
          Object {
            "backgroundColor": "#fefefe",
          },
        ]
      }
    >
      <View
        style="textContainer"
      >
        <Text
          style={
            Array [
              "title",
              Object {
                "color": "#ac78fb",
              },
            ]
          }
        >
          25
        </Text>
        <Text
          style={
            Array [
              "subTitle",
              Object {
                "color": "#ac78fb",
              },
            ]
          }
        >
          Mon
        </Text>
      </View>
    </View>
    <View
      style="lineContainer"
    />
    <View
      style={
        Array [
          "dayBottom",
          Object {
            "backgroundColor": "#fefefe",
          },
        ]
      }
    >
      <Text
        style={
          Array [
            "dayInfo",
            Object {
              "color": "#ac78fb",
            },
          ]
        }
      />
    </View>
  </View>
  <View
    key="col26"
    style={
      Array [
        "day",
        Object {
          "width": 120,
        },
      ]
    }
  >
    <View
      style={
        Array [
          "dayUpper",
          Object {
            "backgroundColor": "#fefefe",
          },
        ]
      }
    >
      <View
        style="textContainer"
      >
        <Text
          style={
            Array [
              "title",
              Object {
                "color": "#ac78fb",
              },
            ]
          }
        >
          26
        </Text>
        <Text
          style={
            Array [
              "subTitle",
              Object {
                "color": "#ac78fb",
              },
            ]
          }
        >
          Tue
        </Text>
      </View>
    </View>
    <View
      style="lineContainer"
    />
    <View
      style={
        Array [
          "dayBottom",
          Object {
            "backgroundColor": "#fefefe",
          },
        ]
      }
    >
      <Text
        style={
          Array [
            "dayInfo",
            Object {
              "color": "#ac78fb",
            },
          ]
        }
      />
    </View>
  </View>
  <View
    key="col27"
    style={
      Array [
        "day",
        Object {
          "width": 120,
        },
      ]
    }
  >
    <View
      style={
        Array [
          "dayUpper",
          Object {
            "backgroundColor": "#fefefe",
          },
        ]
      }
    >
      <View
        style="textContainer"
      >
        <Text
          style={
            Array [
              "title",
              Object {
                "color": "#ac78fb",
              },
            ]
          }
        >
          27
        </Text>
        <Text
          style={
            Array [
              "subTitle",
              Object {
                "color": "#ac78fb",
              },
            ]
          }
        >
          Wed
        </Text>
      </View>
    </View>
    <View
      style="lineContainer"
    />
    <View
      style={
        Array [
          "dayBottom",
          Object {
            "backgroundColor": "#fefefe",
          },
        ]
      }
    >
      <Text
        style={
          Array [
            "dayInfo",
            Object {
              "color": "#ac78fb",
            },
          ]
        }
      />
    </View>
  </View>
  <View
    key="col28"
    style={
      Array [
        "day",
        Object {
          "width": 120,
        },
      ]
    }
  >
    <View
      style={
        Array [
          "dayUpper",
          Object {
            "backgroundColor": "#fefefe",
          },
        ]
      }
    >
      <View
        style="textContainer"
      >
        <Text
          style={
            Array [
              "title",
              Object {
                "color": "#ac78fb",
              },
            ]
          }
        >
          28
        </Text>
        <Text
          style={
            Array [
              "subTitle",
              Object {
                "color": "#ac78fb",
              },
            ]
          }
        >
          Thu
        </Text>
      </View>
    </View>
    <View
      style="lineContainer"
    />
    <View
      style={
        Array [
          "dayBottom",
          Object {
            "backgroundColor": "#fefefe",
          },
        ]
      }
    >
      <Text
        style={
          Array [
            "dayInfo",
            Object {
              "color": "#ac78fb",
            },
          ]
        }
      />
    </View>
  </View>
</ScrollView>
`;
